_jangoarmory-master\assets\png.coded\104ninerlower.png
_jangoarmory-master\assets\png.coded\104ninerupper.png
_jangoarmory-master\assets\png.coded\104th_1-1_squad_backpack.png
_jangoarmory-master\assets\png.coded\104th_1-2_squad_backpack.png
_jangoarmory-master\assets\png.coded\104th_1-3_squad_backpack.png
_jangoarmory-master\assets\png.coded\104th_1-4_squad_backpack.png
_jangoarmory-master\assets\png.coded\104th_ab_achilles_helmet.png
_jangoarmory-master\assets\png.coded\104th_ab_achilles_lower.png
_jangoarmory-master\assets\png.coded\104th_ab_achilles_upper.png
_jangoarmory-master\assets\png.coded\104th_ab_axel_heavy.png
_jangoarmory-master\assets\png.coded\104th_ab_axel_helmet.png
_jangoarmory-master\assets\png.coded\104th_ab_axel_helmet_malevolence.png
_jangoarmory-master\assets\png.coded\104th_ab_axel_kama.png
_jangoarmory-master\assets\png.coded\104th_ab_axel_lower.png
_jangoarmory-master\assets\png.coded\104th_ab_axel_lower_malevolence.png
_jangoarmory-master\assets\png.coded\104th_ab_axel_officer.png
_jangoarmory-master\assets\png.coded\104th_ab_axel_upper.png
_jangoarmory-master\assets\png.coded\104th_ab_axel_upper_malevolence.png
_jangoarmory-master\assets\png.coded\104th_ab_azure_helmet.png
_jangoarmory-master\assets\png.coded\104th_ab_base.png
_jangoarmory-master\assets\png.coded\104th_ab_bulky_helmet.png
_jangoarmory-master\assets\png.coded\104th_ab_carmine_helmet.png
_jangoarmory-master\assets\png.coded\104th_ab_carmine_kama.png
_jangoarmory-master\assets\png.coded\104th_ab_carmine_lower.png
_jangoarmory-master\assets\png.coded\104th_ab_carmine_upper.png
_jangoarmory-master\assets\png.coded\104th_ab_clutch_heavy.png
_jangoarmory-master\assets\png.coded\104th_ab_clutch_helmet.png
_jangoarmory-master\assets\png.coded\104th_ab_clutch_kama.png
_jangoarmory-master\assets\png.coded\104th_ab_clutch_lower.png
_jangoarmory-master\assets\png.coded\104th_ab_clutch_upper.png
_jangoarmory-master\assets\png.coded\104th_ab_cyan_helmet.png
_jangoarmory-master\assets\png.coded\104th_ab_duce_helmet.png
_jangoarmory-master\assets\png.coded\104th_ab_fenrir_helmet.png
_jangoarmory-master\assets\png.coded\104th_ab_fire_heavy.png
_jangoarmory-master\assets\png.coded\104th_ab_fire_heavy_malevolence.png
_jangoarmory-master\assets\png.coded\104th_ab_fire_helmet.png
_jangoarmory-master\assets\png.coded\104th_ab_fire_helmet_malevolence.png
_jangoarmory-master\assets\png.coded\104th_ab_fire_lower.png
_jangoarmory-master\assets\png.coded\104th_ab_fire_lower_malevolence.png
_jangoarmory-master\assets\png.coded\104th_ab_fire_officer.png
_jangoarmory-master\assets\png.coded\104th_ab_fire_officer_malevolence.png
_jangoarmory-master\assets\png.coded\104th_ab_fire_upper.png
_jangoarmory-master\assets\png.coded\104th_ab_fire_upper_malevolence.png
_jangoarmory-master\assets\png.coded\104th_ab_galahad_kama.png
_jangoarmory-master\assets\png.coded\104th_ab_garm_helmet.png
_jangoarmory-master\assets\png.coded\104th_ab_garm_lower.png
_jangoarmory-master\assets\png.coded\104th_ab_garm_upper.png
_jangoarmory-master\assets\png.coded\104th_ab_habit_helmet.png
_jangoarmory-master\assets\png.coded\104th_ab_kage_helmet.png
_jangoarmory-master\assets\png.coded\104th_ab_kage_kama.png
_jangoarmory-master\assets\png.coded\104th_ab_kage_lower.png
_jangoarmory-master\assets\png.coded\104th_ab_kage_upper.png
_jangoarmory-master\assets\png.coded\104th_ab_magnum_helmet.png
_jangoarmory-master\assets\png.coded\104th_ab_magnum_lower.png
_jangoarmory-master\assets\png.coded\104th_ab_magnum_upper.png
_jangoarmory-master\assets\png.coded\104th_ab_medic_helmet.png
_jangoarmory-master\assets\png.coded\104th_ab_medic_lower.png
_jangoarmory-master\assets\png.coded\104th_ab_medic_upper.png
_jangoarmory-master\assets\png.coded\104th_ab_misfire_helmet.png
_jangoarmory-master\assets\png.coded\104th_ab_misfire_lower.png
_jangoarmory-master\assets\png.coded\104th_ab_misfire_upper.png
_jangoarmory-master\assets\png.coded\104th_ab_mute_helmet.png
_jangoarmory-master\assets\png.coded\104th_ab_niner_helmet.png
_jangoarmory-master\assets\png.coded\104th_ab_niner_lower.png
_jangoarmory-master\assets\png.coded\104th_ab_niner_upper.png
_jangoarmory-master\assets\png.coded\104th_ab_od_helmet.png
_jangoarmory-master\assets\png.coded\104th_ab_osiris_helmet.png
_jangoarmory-master\assets\png.coded\104th_ab_osiris_kama.png
_jangoarmory-master\assets\png.coded\104th_ab_palv_helmet.png
_jangoarmory-master\assets\png.coded\104th_ab_raptor_helmet.png
_jangoarmory-master\assets\png.coded\104th_ab_raptor_lower.png
_jangoarmory-master\assets\png.coded\104th_ab_raptor_upper.png
_jangoarmory-master\assets\png.coded\104th_ab_red_helmet.png
_jangoarmory-master\assets\png.coded\104th_ab_shovel_helmet.png
_jangoarmory-master\assets\png.coded\104th_ab_sigil_helmet.png
_jangoarmory-master\assets\png.coded\104th_ab_sigil_lower.png
_jangoarmory-master\assets\png.coded\104th_ab_sigil_upper.png
_jangoarmory-master\assets\png.coded\104th_ab_sixes_helmet.png
_jangoarmory-master\assets\png.coded\104th_ab_soul_helmet.png
_jangoarmory-master\assets\png.coded\104th_ab_soul_lower.png
_jangoarmory-master\assets\png.coded\104th_ab_soul_upper.png
_jangoarmory-master\assets\png.coded\104th_ab_spectre_helmet.png
_jangoarmory-master\assets\png.coded\104th_ab_spectre_lower.png
_jangoarmory-master\assets\png.coded\104th_ab_spectre_upper.png
_jangoarmory-master\assets\png.coded\104th_ab_traveler_helmet.png
_jangoarmory-master\assets\png.coded\104th_ab_trustful_helmet.png
_jangoarmory-master\assets\png.coded\104th_ab_trustful_lower.png
_jangoarmory-master\assets\png.coded\104th_ab_trustful_upper.png
_jangoarmory-master\assets\png.coded\104th_ab_waffle_helmet.png
_jangoarmory-master\assets\png.coded\104th_ab_waffle_lower.png
_jangoarmory-master\assets\png.coded\104th_ab_waffle_upper.png
_jangoarmory-master\assets\png.coded\104th_ab_warpath_accessories.png
_jangoarmory-master\assets\png.coded\104th_ab_warpath_heavy.png
_jangoarmory-master\assets\png.coded\104th_ab_warpath_helmet.png
_jangoarmory-master\assets\png.coded\104th_ab_warpath_lower.png
_jangoarmory-master\assets\png.coded\104th_ab_warpath_officer.png
_jangoarmory-master\assets\png.coded\104th_ab_warpath_upper.png
_jangoarmory-master\assets\png.coded\104th_accessories_heavy.png
_jangoarmory-master\assets\png.coded\104th_accessories_heavy_me.png
_jangoarmory-master\assets\png.coded\104th_accessories_light_me.png
_jangoarmory-master\assets\png.coded\104th_acessories_light.png
_jangoarmory-master\assets\png.coded\104th_arc_angel_accessories_arc.png
_jangoarmory-master\assets\png.coded\104th_arc_angel_accessories_officer.png
_jangoarmory-master\assets\png.coded\104th_arc_angel_helmet.png
_jangoarmory-master\assets\png.coded\104th_arc_angel_lower.png
_jangoarmory-master\assets\png.coded\104th_arc_angel_upper.png
_jangoarmory-master\assets\png.coded\104th_arc_crowbi_accessories_arc.png
_jangoarmory-master\assets\png.coded\104th_arc_crowbi_accessories_officer.png
_jangoarmory-master\assets\png.coded\104th_arc_crowbi_helmet.png
_jangoarmory-master\assets\png.coded\104th_arc_crowbi_lower.png
_jangoarmory-master\assets\png.coded\104th_arc_crowbi_nvg.png
_jangoarmory-master\assets\png.coded\104th_arc_crowbi_pauldron.png
_jangoarmory-master\assets\png.coded\104th_arc_crowbi_upper.png
_jangoarmory-master\assets\png.coded\104th_arc_crowbi_vest.png
_jangoarmory-master\assets\png.coded\104th_arc_frosty_accessories.png
_jangoarmory-master\assets\png.coded\104th_arc_frosty_arc_sl.png
_jangoarmory-master\assets\png.coded\104th_arc_frosty_helmet.png
_jangoarmory-master\assets\png.coded\104th_arc_frosty_helmet_sl.png
_jangoarmory-master\assets\png.coded\104th_arc_frosty_lower.png
_jangoarmory-master\assets\png.coded\104th_arc_frosty_lower_sl.png
_jangoarmory-master\assets\png.coded\104th_arc_frosty_officer_sl.png
_jangoarmory-master\assets\png.coded\104th_arc_frosty_pauldron.png
_jangoarmory-master\assets\png.coded\104th_arc_frosty_upper.png
_jangoarmory-master\assets\png.coded\104th_arc_frosty_upper_sl.png
_jangoarmory-master\assets\png.coded\104th_arc_frosty_vest.png
_jangoarmory-master\assets\png.coded\104th_arc_hunter_accessories.png
_jangoarmory-master\assets\png.coded\104th_arc_hunter_arc.png
_jangoarmory-master\assets\png.coded\104th_arc_hunter_helmet.png
_jangoarmory-master\assets\png.coded\104th_arc_hunter_helmet_malevolence.png
_jangoarmory-master\assets\png.coded\104th_arc_hunter_lower.png
_jangoarmory-master\assets\png.coded\104th_arc_hunter_officer.png
_jangoarmory-master\assets\png.coded\104th_arc_hunter_rangefinder.png
_jangoarmory-master\assets\png.coded\104th_arc_hunter_upper.png
_jangoarmory-master\assets\png.coded\104th_arc_hunter_vest.png
_jangoarmory-master\assets\png.coded\104th_arc_loner_arc.png
_jangoarmory-master\assets\png.coded\104th_arc_loner_helmet.png
_jangoarmory-master\assets\png.coded\104th_arc_loner_lower.png
_jangoarmory-master\assets\png.coded\104th_arc_loner_nvg.png
_jangoarmory-master\assets\png.coded\104th_arc_loner_officer.png
_jangoarmory-master\assets\png.coded\104th_arc_loner_upper.png
_jangoarmory-master\assets\png.coded\104th_arc_sigil_arc.png
_jangoarmory-master\assets\png.coded\104th_arc_sigil_helmet.png
_jangoarmory-master\assets\png.coded\104th_arc_sigil_lower.png
_jangoarmory-master\assets\png.coded\104th_arc_sigil_nvg.png
_jangoarmory-master\assets\png.coded\104th_arc_sigil_officer.png
_jangoarmory-master\assets\png.coded\104th_arc_sigil_upper.png
_jangoarmory-master\assets\png.coded\104th_arc_spectre_arc.png
_jangoarmory-master\assets\png.coded\104th_arc_spectre_helmet.png
_jangoarmory-master\assets\png.coded\104th_arc_spectre_lower.png
_jangoarmory-master\assets\png.coded\104th_arc_spectre_nvg.png
_jangoarmory-master\assets\png.coded\104th_arc_spectre_officer.png
_jangoarmory-master\assets\png.coded\104th_arc_spectre_upper.png
_jangoarmory-master\assets\png.coded\104th_arf_achilles_helmet.png
_jangoarmory-master\assets\png.coded\104th_arf_achilles_lower.png
_jangoarmory-master\assets\png.coded\104th_arf_achilles_upper.png
_jangoarmory-master\assets\png.coded\104th_arf_beans_helmet.png
_jangoarmory-master\assets\png.coded\104th_arf_beans_lower.png
_jangoarmory-master\assets\png.coded\104th_arf_beans_upper.png
_jangoarmory-master\assets\png.coded\104th_arf_desert_helmet.png
_jangoarmory-master\assets\png.coded\104th_arf_desert_lower.png
_jangoarmory-master\assets\png.coded\104th_arf_desert_upper.png
_jangoarmory-master\assets\png.coded\104th_arf_fenrir_helmet.png
_jangoarmory-master\assets\png.coded\104th_arf_fenrir_lower.png
_jangoarmory-master\assets\png.coded\104th_arf_fenrir_upper.png
_jangoarmory-master\assets\png.coded\104th_arf_fire_helmet.png
_jangoarmory-master\assets\png.coded\104th_arf_fire_lower.png
_jangoarmory-master\assets\png.coded\104th_arf_fire_upper.png
_jangoarmory-master\assets\png.coded\104th_arf_ice_helmet.png
_jangoarmory-master\assets\png.coded\104th_arf_ice_lower.png
_jangoarmory-master\assets\png.coded\104th_arf_ice_upper.png
_jangoarmory-master\assets\png.coded\104th_arf_iq_flaps.png
_jangoarmory-master\assets\png.coded\104th_arf_iq_heavy.png
_jangoarmory-master\assets\png.coded\104th_arf_iq_helmet.png
_jangoarmory-master\assets\png.coded\104th_arf_iq_helmet_malevolence.png
_jangoarmory-master\assets\png.coded\104th_arf_iq_lower.png
_jangoarmory-master\assets\png.coded\104th_arf_iq_lower_malevolence.png
_jangoarmory-master\assets\png.coded\104th_arf_iq_officer.png
_jangoarmory-master\assets\png.coded\104th_arf_iq_upper.png
_jangoarmory-master\assets\png.coded\104th_arf_jungle_helmet.png
_jangoarmory-master\assets\png.coded\104th_arf_jungle_lower.png
_jangoarmory-master\assets\png.coded\104th_arf_jungle_upper.png
_jangoarmory-master\assets\png.coded\104th_arf_medic_helmet.png
_jangoarmory-master\assets\png.coded\104th_arf_medic_upper.png
_jangoarmory-master\assets\png.coded\104th_arf_spectre_helmet.png
_jangoarmory-master\assets\png.coded\104th_arf_spectre_lower.png
_jangoarmory-master\assets\png.coded\104th_arf_spectre_upper.png
_jangoarmory-master\assets\png.coded\104th_arf_trooper_helmet.png
_jangoarmory-master\assets\png.coded\104th_arf_trooper_upper.png
_jangoarmory-master\assets\png.coded\104th_arf_unix_helmet.png
_jangoarmory-master\assets\png.coded\104th_arf_unix_lower.png
_jangoarmory-master\assets\png.coded\104th_arf_unix_upper.png
_jangoarmory-master\assets\png.coded\104th_arf_urban_helmet.png
_jangoarmory-master\assets\png.coded\104th_arf_urban_lower.png
_jangoarmory-master\assets\png.coded\104th_arf_urban_upper.png
_jangoarmory-master\assets\png.coded\104th_arf_woods_helmet.png
_jangoarmory-master\assets\png.coded\104th_arf_woods_kama.png
_jangoarmory-master\assets\png.coded\104th_arf_woods_lower.png
_jangoarmory-master\assets\png.coded\104th_arf_woods_upper.png
_jangoarmory-master\assets\png.coded\104th_barc_galahad.png
_jangoarmory-master\assets\png.coded\104th_barc_niner_helmet.png
_jangoarmory-master\assets\png.coded\104th_ce_tinkle_helmet.png
_jangoarmory-master\assets\png.coded\104th_desert_helmet_base_medic.png
_jangoarmory-master\assets\png.coded\104th_desert_helmet_base_medic_nco.png
_jangoarmory-master\assets\png.coded\104th_desert_helmet_base_nco.png
_jangoarmory-master\assets\png.coded\104th_desert_helmet_base_officer.png
_jangoarmory-master\assets\png.coded\104th_desert_helmet_base_trooper.png
_jangoarmory-master\assets\png.coded\104th_engineer_helmet_base.png
_jangoarmory-master\assets\png.coded\104th_engineer_lower_base.png
_jangoarmory-master\assets\png.coded\104th_engineer_upper_base.png
_jangoarmory-master\assets\png.coded\104th_infantry_medic_helmet.png
_jangoarmory-master\assets\png.coded\104th_infantry_medic_pants.png
_jangoarmory-master\assets\png.coded\104th_infantry_medic_shirt.png
_jangoarmory-master\assets\png.coded\104th_jtac_base_helmet.png
_jangoarmory-master\assets\png.coded\104th_jtac_base_lower.png
_jangoarmory-master\assets\png.coded\104th_jtac_base_upper.png
_jangoarmory-master\assets\png.coded\104th_jtac_crash_helmet.png
_jangoarmory-master\assets\png.coded\104th_jtac_crash_helmet_rework.png
_jangoarmory-master\assets\png.coded\104th_jtac_crash_lower.png
_jangoarmory-master\assets\png.coded\104th_jtac_crash_lower_rework.png
_jangoarmory-master\assets\png.coded\104th_jtac_crash_upper.png
_jangoarmory-master\assets\png.coded\104th_jtac_crash_upper_rework.png
_jangoarmory-master\assets\png.coded\104th_jtac_ghost_helmet.png
_jangoarmory-master\assets\png.coded\104th_me_pauldron_and_kama.png
_jangoarmory-master\assets\png.coded\104th_p1-2_tusk_helmet.png
_jangoarmory-master\assets\png.coded\104th_p1_gunney_helmet.png
_jangoarmory-master\assets\png.coded\104th_p1_gunney_lower.png
_jangoarmory-master\assets\png.coded\104th_p1_gunney_upper.png
_jangoarmory-master\assets\png.coded\104th_p2_bacon_helmet.png
_jangoarmory-master\assets\png.coded\104th_p2_banker_helmet.png
_jangoarmory-master\assets\png.coded\104th_p2_banker_lower.png
_jangoarmory-master\assets\png.coded\104th_p2_banker_upper.png
_jangoarmory-master\assets\png.coded\104th_p2_black_helmet.png
_jangoarmory-master\assets\png.coded\104th_p2_black_lower.png
_jangoarmory-master\assets\png.coded\104th_p2_black_upper.png
_jangoarmory-master\assets\png.coded\104th_p2_blood_helmet.png
_jangoarmory-master\assets\png.coded\104th_p2_blood_lower.png
_jangoarmory-master\assets\png.coded\104th_p2_blood_upper.png
_jangoarmory-master\assets\png.coded\104th_p2_bomb_helmet.png
_jangoarmory-master\assets\png.coded\104th_p2_bomb_lower.png
_jangoarmory-master\assets\png.coded\104th_p2_bomb_upper.png
_jangoarmory-master\assets\png.coded\104th_p2_bone_helmet.png
_jangoarmory-master\assets\png.coded\104th_p2_bone_lower.png
_jangoarmory-master\assets\png.coded\104th_p2_bone_officer.png
_jangoarmory-master\assets\png.coded\104th_p2_bone_upper.png
_jangoarmory-master\assets\png.coded\104th_p2_byte_helmet.png
_jangoarmory-master\assets\png.coded\104th_p2_cake_helmet.png
_jangoarmory-master\assets\png.coded\104th_p2_carmine_helmet.png
_jangoarmory-master\assets\png.coded\104th_p2_click_helmet.png
_jangoarmory-master\assets\png.coded\104th_p2_click_lower.png
_jangoarmory-master\assets\png.coded\104th_p2_click_upper.png
_jangoarmory-master\assets\png.coded\104th_p2_dart_helmet.png
_jangoarmory-master\assets\png.coded\104th_p2_dart_lower.png
_jangoarmory-master\assets\png.coded\104th_p2_dart_upper.png
_jangoarmory-master\assets\png.coded\104th_p2_death_helmet.png
_jangoarmory-master\assets\png.coded\104th_p2_death_kama.png
_jangoarmory-master\assets\png.coded\104th_p2_death_lower.png
_jangoarmory-master\assets\png.coded\104th_p2_death_nvg.png
_jangoarmory-master\assets\png.coded\104th_p2_death_upper.png
_jangoarmory-master\assets\png.coded\104th_p2_doc_helmet.png
_jangoarmory-master\assets\png.coded\104th_p2_doc_lower.png
_jangoarmory-master\assets\png.coded\104th_p2_doc_upper.png
_jangoarmory-master\assets\png.coded\104th_p2_dragan_helmet.png
_jangoarmory-master\assets\png.coded\104th_p2_dragon_helmet.png
_jangoarmory-master\assets\png.coded\104th_p2_dragon_lower.png
_jangoarmory-master\assets\png.coded\104th_p2_dragon_upper.png
_jangoarmory-master\assets\png.coded\104th_p2_drifter_helmet.png
_jangoarmory-master\assets\png.coded\104th_p2_drifter_lower.png
_jangoarmory-master\assets\png.coded\104th_p2_drifter_upper.png
_jangoarmory-master\assets\png.coded\104th_p2_ed_helmet.png
_jangoarmory-master\assets\png.coded\104th_p2_ed_lower.png
_jangoarmory-master\assets\png.coded\104th_p2_ed_upper.png
_jangoarmory-master\assets\png.coded\104th_p2_firefox_helmet.png
_jangoarmory-master\assets\png.coded\104th_p2_frosty_helmet.png
_jangoarmory-master\assets\png.coded\104th_p2_frosty_lower.png
_jangoarmory-master\assets\png.coded\104th_p2_frosty_upper.png
_jangoarmory-master\assets\png.coded\104th_p2_galahad_lower.png
_jangoarmory-master\assets\png.coded\104th_p2_galahad_upper.png
_jangoarmory-master\assets\png.coded\104th_p2_glitch_helmet.png
_jangoarmory-master\assets\png.coded\104th_p2_habit_lower.png
_jangoarmory-master\assets\png.coded\104th_p2_habit_upper.png
_jangoarmory-master\assets\png.coded\104th_p2_herc_helmet.png
_jangoarmory-master\assets\png.coded\104th_p2_hiro_helmet.png
_jangoarmory-master\assets\png.coded\104th_p2_irish_helmet.png
_jangoarmory-master\assets\png.coded\104th_p2_irish_lower.png
_jangoarmory-master\assets\png.coded\104th_p2_irish_upper.png
_jangoarmory-master\assets\png.coded\104th_p2_knockout_helmet.png
_jangoarmory-master\assets\png.coded\104th_p2_knockout_lower.png
_jangoarmory-master\assets\png.coded\104th_p2_knockout_upper.png
_jangoarmory-master\assets\png.coded\104th_p2_kyo_helmet.png
_jangoarmory-master\assets\png.coded\104th_p2_kyo_lower.png
_jangoarmory-master\assets\png.coded\104th_p2_kyo_upper.png
_jangoarmory-master\assets\png.coded\104th_p2_lower_osiris.png
_jangoarmory-master\assets\png.coded\104th_p2_mad_helmet.png
_jangoarmory-master\assets\png.coded\104th_p2_mad_lower.png
_jangoarmory-master\assets\png.coded\104th_p2_mad_upper.png
_jangoarmory-master\assets\png.coded\104th_p2_moose_helmet.png
_jangoarmory-master\assets\png.coded\104th_p2_mower_helmet.png
_jangoarmory-master\assets\png.coded\104th_p2_needle_helmet.png
_jangoarmory-master\assets\png.coded\104th_p2_needle_lower.png
_jangoarmory-master\assets\png.coded\104th_p2_needle_upper.png
_jangoarmory-master\assets\png.coded\104th_p2_pacify_helmet.png
_jangoarmory-master\assets\png.coded\104th_p2_pacify_lower.png
_jangoarmory-master\assets\png.coded\104th_p2_pacify_upper.png
_jangoarmory-master\assets\png.coded\104th_p2_paraso_helmet.png
_jangoarmory-master\assets\png.coded\104th_p2_paraso_lower.png
_jangoarmory-master\assets\png.coded\104th_p2_paraso_upper.png
_jangoarmory-master\assets\png.coded\104th_p2_pretz_helmet.png
_jangoarmory-master\assets\png.coded\104th_p2_pulse_helmet.png
_jangoarmory-master\assets\png.coded\104th_p2_reaper_helmet.png
_jangoarmory-master\assets\png.coded\104th_p2_red_lower.png
_jangoarmory-master\assets\png.coded\104th_p2_red_upper.png
_jangoarmory-master\assets\png.coded\104th_p2_salty_helmet.png
_jangoarmory-master\assets\png.coded\104th_p2_salty_lower.png
_jangoarmory-master\assets\png.coded\104th_p2_salty_upper.png
_jangoarmory-master\assets\png.coded\104th_p2_salty_upper_sl.png
_jangoarmory-master\assets\png.coded\104th_p2_scav_helmet.png
_jangoarmory-master\assets\png.coded\104th_p2_scav_kama.png
_jangoarmory-master\assets\png.coded\104th_p2_scav_lower.png
_jangoarmory-master\assets\png.coded\104th_p2_scav_upper.png
_jangoarmory-master\assets\png.coded\104th_p2_scurvy_heavy.png
_jangoarmory-master\assets\png.coded\104th_p2_scurvy_lower.png
_jangoarmory-master\assets\png.coded\104th_p2_scurvy_officer.png
_jangoarmory-master\assets\png.coded\104th_p2_scurvy_upper.png
_jangoarmory-master\assets\png.coded\104th_p2_sixxer_helmet.png
_jangoarmory-master\assets\png.coded\104th_p2_sixxer_lower.png
_jangoarmory-master\assets\png.coded\104th_p2_sixxer_upper.png
_jangoarmory-master\assets\png.coded\104th_p2_skav_helmet.png
_jangoarmory-master\assets\png.coded\104th_p2_skav_lower.png
_jangoarmory-master\assets\png.coded\104th_p2_skav_upper.png
_jangoarmory-master\assets\png.coded\104th_p2_spirit_helmet.png
_jangoarmory-master\assets\png.coded\104th_p2_talisman_helmet.png
_jangoarmory-master\assets\png.coded\104th_p2_talisman_lower.png
_jangoarmory-master\assets\png.coded\104th_p2_talisman_upper.png
_jangoarmory-master\assets\png.coded\104th_p2_tiger_helmet.png
_jangoarmory-master\assets\png.coded\104th_p2_tiger_lower.png
_jangoarmory-master\assets\png.coded\104th_p2_tiger_upper.png
_jangoarmory-master\assets\png.coded\104th_p2_upper_osiris.png
_jangoarmory-master\assets\png.coded\104th_p2_vertigo_helmet.png
_jangoarmory-master\assets\png.coded\104th_p2_vision_helmet.png
_jangoarmory-master\assets\png.coded\104th_p2_vision_lower.png
_jangoarmory-master\assets\png.coded\104th_p2_vision_upper.png
_jangoarmory-master\assets\png.coded\104th_p2_walker_helmet.png
_jangoarmory-master\assets\png.coded\104th_p2_welty_helmet.png
_jangoarmory-master\assets\png.coded\104th_p2_welty_lower.png
_jangoarmory-master\assets\png.coded\104th_p2_welty_upper.png
_jangoarmory-master\assets\png.coded\104th_p2_woods_helmet.png
_jangoarmory-master\assets\png.coded\104th_pauldron_and_kama.png
_jangoarmory-master\assets\png.coded\104th_pilot_beef_helmet.png
_jangoarmory-master\assets\png.coded\104th_pilot_beef_lower.png
_jangoarmory-master\assets\png.coded\104th_pilot_beef_upper.png
_jangoarmory-master\assets\png.coded\104th_pilot_echo_lower.png
_jangoarmory-master\assets\png.coded\104th_pilot_echo_upper.png
_jangoarmory-master\assets\png.coded\104th_pilot_fish_helmet.png
_jangoarmory-master\assets\png.coded\104th_pilot_fish_lower.png
_jangoarmory-master\assets\png.coded\104th_pilot_fish_upper.png
_jangoarmory-master\assets\png.coded\104th_pilot_od_helmet.png
_jangoarmory-master\assets\png.coded\104th_pilot_varelli_helmet.png
_jangoarmory-master\assets\png.coded\104th_pilot_varelli_lower.png
_jangoarmory-master\assets\png.coded\104th_pilot_varelli_upper.png
_jangoarmory-master\assets\png.coded\104th_raider_2-1_jumppack.png
_jangoarmory-master\assets\png.coded\104th_raider_2-2_jumppack.png
_jangoarmory-master\assets\png.coded\104th_raider_2-3_jumppack.png
_jangoarmory-master\assets\png.coded\104th_raider_2-4_jumppack.png
_jangoarmory-master\assets\png.coded\104th_raider_jumppack.png
_jangoarmory-master\assets\png.coded\104th_specops_crash_helmet.png
_jangoarmory-master\assets\png.coded\104warpathhelmet.png
_jangoarmory-master\assets\png.coded\104_ab_axel_kama.png
_jangoarmory-master\assets\png.coded\104_jtac_xan_helmet.png
_jangoarmory-master\assets\png.coded\104th_p2_scav_lower.png~
_jangoarmory-master\assets\png.coded\332chichhlmet.png
_jangoarmory-master\assets\png.coded\332chichkama.png
_jangoarmory-master\assets\png.coded\332chichlower.png
_jangoarmory-master\assets\png.coded\332chichupper.png
_jangoarmory-master\assets\png.coded\332commandervisor.png
_jangoarmory-master\assets\png.coded\bail_helmet.png
_jangoarmory-master\assets\png.coded\bail_lower.png
_jangoarmory-master\assets\png.coded\bail_upper_redo.png
_jangoarmory-master\assets\png.coded\blue_p1_cadet_helmet.png
_jangoarmory-master\assets\png.coded\blue_p1_cadet_lower.png
_jangoarmory-master\assets\png.coded\blue_p1_cadet_upper_1.png
_jangoarmory-master\assets\png.coded\blue_p1_cadet_upper_2.png
_jangoarmory-master\assets\png.coded\blue_p1_cadet_upper_3.png
_jangoarmory-master\assets\png.coded\blue_p1_cadet_upper_4.png
_jangoarmory-master\assets\png.coded\blue_p1_cadet_upper_5.png
_jangoarmory-master\assets\png.coded\bravo.png
_jangoarmory-master\assets\png.coded\captain_tre_helmet.png
_jangoarmory-master\assets\png.coded\captain_tre_lower.png
_jangoarmory-master\assets\png.coded\captain_tre_upper.png
_jangoarmory-master\assets\png.coded\gash_barc_helmet.png
_jangoarmory-master\assets\png.coded\gash_helmet_p3_3.png
_jangoarmory-master\assets\png.coded\gash_lower_final.png
_jangoarmory-master\assets\png.coded\gash_medic.png
_jangoarmory-master\assets\png.coded\gash_nco_helmet.png
_jangoarmory-master\assets\png.coded\gash_nco_lower.png
_jangoarmory-master\assets\png.coded\gash_nco_upper.png
_jangoarmory-master\assets\png.coded\gash_officer_helmet.png
_jangoarmory-master\assets\png.coded\gash_officer_lower.png
_jangoarmory-master\assets\png.coded\gash_officer_upper.png
_jangoarmory-master\assets\png.coded\gash_upper_final.png
_jangoarmory-master\assets\png.coded\green_p1_cadet_helmet.png
_jangoarmory-master\assets\png.coded\green_p1_cadet_lower.png
_jangoarmory-master\assets\png.coded\green_p1_cadet_upper_1.png
_jangoarmory-master\assets\png.coded\green_p1_cadet_upper_2.png
_jangoarmory-master\assets\png.coded\green_p1_cadet_upper_3.png
_jangoarmory-master\assets\png.coded\green_p1_cadet_upper_4.png
_jangoarmory-master\assets\png.coded\green_p1_cadet_upper_5.png
_jangoarmory-master\assets\png.coded\iq_upper.png
_jangoarmory-master\assets\png.coded\lt_bark_helmet.png
_jangoarmory-master\assets\png.coded\lt_bark_lower_5.png
_jangoarmory-master\assets\png.coded\lt_bark_upper_2.png
_jangoarmory-master\assets\png.coded\mad_helmet.png
_jangoarmory-master\assets\png.coded\mad_lower.png
_jangoarmory-master\assets\png.coded\mad_upper.png
_jangoarmory-master\assets\png.coded\prowler_eng_engineer_helmet.png
_jangoarmory-master\assets\png.coded\prowler_eng_officer_helmet.png
_jangoarmory-master\assets\png.coded\red_p1_cadet_helmet.png
_jangoarmory-master\assets\png.coded\red_p1_cadet_lower.png
_jangoarmory-master\assets\png.coded\red_p1_cadet_upper_1.png
_jangoarmory-master\assets\png.coded\red_p1_cadet_upper_2.png
_jangoarmory-master\assets\png.coded\red_p1_cadet_upper_3.png
_jangoarmory-master\assets\png.coded\red_p1_cadet_upper_4.png
_jangoarmory-master\assets\png.coded\red_p1_cadet_upper_5.png
_jangoarmory-master\assets\png.coded\sgt_dire_helmet.png
_jangoarmory-master\assets\png.coded\sgt_dire_lower.png
_jangoarmory-master\assets\png.coded\sgt_dire_upper.png
_jangoarmory-master\assets\png.coded\vilkas_arf_bolt_helmet.png
_jangoarmory-master\assets\png.coded\vilkas_arf_bolt_lower.png
_jangoarmory-master\assets\png.coded\vilkas_arf_bolt_upper.png
_jangoarmory-master\assets\png.coded\vilkas_arf_dingo_helmet.png
_jangoarmory-master\assets\png.coded\vilkas_arf_dingo_lower.png
_jangoarmory-master\assets\png.coded\vilkas_arf_dingo_upper.png
_jangoarmory-master\assets\png.coded\vilkas_arf_mouse_helmet.png
_jangoarmory-master\assets\png.coded\vilkas_arf_mouse_lower.png
_jangoarmory-master\assets\png.coded\vilkas_arf_mouse_upper.png
_jangoarmory-master\assets\png.coded\vilkas_arf_vilkas_helmet.png
_jangoarmory-master\assets\png.coded\vilkas_arf_vilkas_lower.png
_jangoarmory-master\assets\png.coded\vilkas_arf_vilkas_upper.png
_jangoarmory-master\assets\png.coded\visor_desert.png
_jangoarmory-master\assets\png.coded\yellow_p1_cadet_helmet.png
_jangoarmory-master\assets\png.coded\yellow_p1_cadet_lower.png
_jangoarmory-master\assets\png.coded\yellow_p1_cadet_upper_1.png
_jangoarmory-master\assets\png.coded\yellow_p1_cadet_upper_2.png
_jangoarmory-master\assets\png.coded\yellow_p1_cadet_upper_3.png
_jangoarmory-master\assets\png.coded\yellow_p1_cadet_upper_4.png
_jangoarmory-master\assets\png.coded\yellow_p1_cadet_upper_5.png
